###############################################################################
#
# IAR C/C++ Compiler V7.21.1.1000/W32 for MSP430          04/Dec/2022  14:29:42
# Copyright 1996-2021 IAR Systems AB.
# PC-locked license - IAR Embedded Workbench for MSP430, 8K KickStart Edition 7.21
#
#    __rt_version  =  3
#    __double_size =  32
#    __reg_r4      =  free
#    __reg_r5      =  free
#    __pic         =  no
#    __core        =  430X
#    __data_model  =  small
#    __code_model  =  large
#    Source file   =  
#        C:\Users\Tobias Desotelle\OneDrive - UNC
#        Asheville\Documents\GitHub\Embedded_Systems\menu.c
#    Command line  =  
#        -f C:\Users\TOBIAS~1\AppData\Local\Temp\EWDB03.tmp ("C:\Users\Tobias
#        Desotelle\OneDrive - UNC
#        Asheville\Documents\GitHub\Embedded_Systems\menu.c" -lC
#        "C:\Users\Tobias Desotelle\OneDrive - UNC
#        Asheville\Documents\GitHub\Embedded_Systems\Debug\List" -o
#        "C:\Users\Tobias Desotelle\OneDrive - UNC
#        Asheville\Documents\GitHub\Embedded_Systems\Debug\Obj" --no_unroll
#        --no_inline --no_tbaa --debug -D__MSP430FR2355__ -e --double=32
#        --dlib_config "C:\Program Files (x86)\IAR Systems\Embedded Workbench
#        8.5\430\lib\dlib\dl430xlsfn.h" -I ./ --core=430X --data_model=small
#        -Om --multiplier=32 --hw_workaround=CPU40 --code_model=large)
#    Locale        =  English_USA.1252
#    List file     =  
#        C:\Users\Tobias Desotelle\OneDrive - UNC
#        Asheville\Documents\GitHub\Embedded_Systems\Debug\List\menu.lst
#    Object file   =  
#        C:\Users\Tobias Desotelle\OneDrive - UNC
#        Asheville\Documents\GitHub\Embedded_Systems\Debug\Obj\menu.r43
#
###############################################################################

C:\Users\Tobias Desotelle\OneDrive - UNC Asheville\Documents\GitHub\Embedded_Systems\menu.c
      1          #include "macros.h"
      2          
      3          extern volatile unsigned short display_bits;
      4          extern unsigned int V_Thumb;
      5          extern volatile unsigned char switch_control;

   \                                 In  segment DATA16_Z, align 2, align-sorted
   \   000000                REQUIRE ?cstart_init_zero
      6          int prev_thumb;
   \                     prev_thumb:
   \   000000                DS8 2
      7          extern int wheel_test;

   \                                 In  segment DATA16_Z, align 1, align-sorted
   \   000000                REQUIRE ?cstart_init_zero
      8          unsigned char menu_state;
   \                     menu_state:
   \   000000                DS8 1

   \                                 In  segment CODE, align 2
      9          void menu_state_machine(){
   \                     menu_state_machine:
     10            switch(menu_state){
   \   000000   5E42....     MOV.B   &menu_state, R14
   \   000004   4E83         SUB.B   #0x0, R14
   \   000006   0B24         JEQ     ??menu_state_machine_1
   \   000008   5E83         SUB.B   #0x1, R14
   \   00000A   0B24         JEQ     ??menu_state_machine_2
   \   00000C   5E83         SUB.B   #0x1, R14
   \   00000E   1124         JEQ     ??menu_state_machine_3
   \   000010   5E83         SUB.B   #0x1, R14
   \   000012   0B24         JEQ     ??menu_state_machine_4
   \   000014   5E83         SUB.B   #0x1, R14
   \   000016   0D24         JEQ     ??menu_state_machine_3
   \   000018   5E83         SUB.B   #0x1, R14
   \   00001A   0524         JEQ     ??menu_state_machine_5
   \   00001C   083C         JMP     ??menu_state_machine_0
     11            case Start_menu://start menu will have bat voltage and othe general info
     12              start_menu();
   \                     ??menu_state_machine_1:
   \   00001E   ........     BRA     #start_menu
     13              break;
     14            case Main_menu:
     15              main_menu();
   \                     ??menu_state_machine_2:
   \   000022   ........     BRA     #main_menu
     16              break;
     17            case WIFI_menu:
     18              display_IP();
   \                     ??menu_state_machine_5:
   \   000026   ........     BRA     #display_IP
     19              break;
     20            case Settings:
     21              //settings_menu();
     22              break;
     23            case ADC_menu:
     24              adc_menu();
   \                     ??menu_state_machine_4:
   \   00002A   ........     BRA     #adc_menu
     25              break;
     26            case PID_menu:
     27              //pid_menu();
     28              break;
     29            default:
     30              menu_state = Main_menu;
   \                     ??menu_state_machine_0:
   \   00002E   D243....     MOV.B   #0x1, &menu_state
     31              break;
     32            }
     33            
     34          }
   \                     ??menu_state_machine_3:
   \   000032   1001         RETA

   \                                 In  segment CODE, align 2
     35          void start_menu(){
   \                     start_menu:
     36            clear_display();
   \   000000   ........     CALLA   #clear_display
     37            menu_state = Main_menu;
   \   000004   D243....     MOV.B   #0x1, &menu_state
     38            
     39          }
   \   000008   1001         RETA

   \                                 In  segment CODE, align 2
     40          void main_menu(){
   \                     main_menu:
     41            main_menu_display(menu_options_3);
   \   000000   5C42....     MOV.B   &V_Thumb + 1, R12
   \   000004   5C05         RRAM.W  #0x2, R12
   \   000006   ........     CALLA   #main_menu_display
     42            //add change state logic
     43            if(SW1_AND_TOGGLED){
   \   00000A   F2B01000.... BIT.B   #0x10, &switch_control
   \   000010   1824         JEQ     ??main_menu_0
     44              SW1_CLEAR;
   \   000012   F2C01000.... BIC.B   #0x10, &switch_control
     45              switch(menu_options_3){
   \   000018   5E42....     MOV.B   &V_Thumb + 1, R14
   \   00001C   5E05         RRAM.W  #0x2, R14
   \   00001E   4E83         SUB.B   #0x0, R14
   \   000020   0724         JEQ     ??main_menu_1
   \   000022   5E83         SUB.B   #0x1, R14
   \   000024   0824         JEQ     ??main_menu_2
   \   000026   5E83         SUB.B   #0x1, R14
   \   000028   0A24         JEQ     ??main_menu_3
   \   00002A   5E83         SUB.B   #0x1, R14
   \   00002C   0824         JEQ     ??main_menu_3
   \   00002E   1001         RETA
     46              case CASE_0:
     47                menu_state = Settings;
   \                     ??main_menu_1:
   \   000030   E243....     MOV.B   #0x2, &menu_state
     48                break;
   \   000034   1001         RETA
     49              case CASE_1:
     50                menu_state = ADC_menu;
   \                     ??main_menu_2:
   \   000036   F2400300.... MOV.B   #0x3, &menu_state
     51                break;
   \   00003C   1001         RETA
     52              case CASE_3:
     53              case CASE_2:
     54                menu_state = PID_menu;
   \                     ??main_menu_3:
   \   00003E   E242....     MOV.B   #0x4, &menu_state
     55                break;
     56              }
     57            }
     58          }
   \                     ??main_menu_0:
   \   000042   1001         RETA
     59          //void settings_menu(){
     60          //  if(SW2_AND_TOGGLED){
     61          //    SW2_CLEAR;
     62          //    menu_state = Main_menu;
     63          //  }
     64          //}

   \                                 In  segment CODE, align 2
     65          void adc_menu(){
   \                     adc_menu:
     66            if(SW2_AND_TOGGLED){
   \   000000   F2B02000.... BIT.B   #0x20, &switch_control
   \   000006   0724         JEQ     ??adc_menu_1
     67              SW2_CLEAR;
   \   000008   F2C02000.... BIC.B   #0x20, &switch_control
     68              menu_state = Main_menu;
   \   00000E   D243....     MOV.B   #0x1, &menu_state
     69              lcd_4line();
   \   000012   ........     CALLA   #lcd_4line
     70            }
     71            if(SW1_AND_TOGGLED){
   \                     ??adc_menu_1:
   \   000016   F2B01000.... BIT.B   #0x10, &switch_control
   \   00001C   0524         JEQ     ??adc_menu_0
     72              SW1_CLEAR;
   \   00001E   F2C01000.... BIC.B   #0x10, &switch_control
     73              wheel_test ^= 0x01;//-------------------------------------------------
   \   000024   92E3....     XOR.W   #0x1, &wheel_test
     74              
     75            }
     76            adc_display();
   \                     ??adc_menu_0:
   \   000028   ........     BRA     #adc_display
     77          }
     78          
     79          //void pid_menu(){
     80          //  if(SW2_AND_TOGGLED){
     81          //    SW2_CLEAR;
     82          //    menu_state = Main_menu;
     83          //    lcd_4line();
     84          //  }
     85          //  
     86          //}

   \                                 In  segment CODE, align 2
     87          void v_thumb_process(){
   \                     v_thumb_process:
     88            if(prev_thumb<(V_Thumb>>4)){
   \   000000   1F42....     MOV.W   &V_Thumb, R15
   \   000004   5F0F         RRUM.W  #0x4, R15
   \   000006   829F....     CMP.W   R15, &prev_thumb
   \   00000A   052C         JC      ??v_thumb_process_0
     89              prev_thumb=V_Thumb>>4;
   \   00000C   824F....     MOV.W   R15, &prev_thumb
     90              display_bits |= Song_char_changed; 
   \   000010   A2D3....     BIS.W   #0x2, &display_bits
   \   000014   1001         RETA
     91            }
     92            else if(prev_thumb>V_Thumb>>4){
   \                     ??v_thumb_process_0:
   \   000016   1F92....     CMP.W   &prev_thumb, R15
   \   00001A   022C         JC      ??v_thumb_process_1
     93              prev_thumb=V_Thumb>>4;
   \   00001C   824F....     MOV.W   R15, &prev_thumb
     94            }
     95          }
   \                     ??v_thumb_process_1:
   \   000020   1001         RETA

   Maximum stack usage in bytes:

   CSTACK Function
   ------ --------
      4   adc_menu
        0   -> adc_display
        4   -> lcd_4line
      4   main_menu
        4   -> main_menu_display
      4   menu_state_machine
        0   -> adc_menu
        0   -> display_IP
        0   -> main_menu
        0   -> start_menu
      4   start_menu
        4   -> clear_display
      4   v_thumb_process


   Segment part sizes:

   Bytes  Function/Label
   -----  --------------
      44  adc_menu
      68  main_menu
       1  menu_state
      52  menu_state_machine
       2  prev_thumb
      10  start_menu
      34  v_thumb_process

 
 208 bytes in segment CODE
   3 bytes in segment DATA16_Z
 
 208 bytes of CODE memory
   3 bytes of DATA memory

Errors: none
Warnings: none
