Warning[w6]: Type conflict for external/entry "SSID", in module iot against external/entry in module serial; array types have different sizes
  /* In module iot: */
  char SSID[64];
  /* In module serial: */
  char SSID[11];
################################################################################
#                                                                              #
#      IAR Universal Linker V6.6.2.104                                         #
#                                                                              #
#           Link time     =  04/Dec/2022  14:29:43                             #
#           Target CPU    =  MSP430                                            #
#           List file     =  "C:\Users\Tobias Desotelle\OneDrive - UNC Ashevil #
#                            le\Documents\GitHub\Embedded_Systems\Debug\List\P #
#                            roject 9.map"                                     #
#           Output file 1 =  "C:\Users\Tobias Desotelle\OneDrive - UNC Ashevil #
#                            le\Documents\GitHub\Embedded_Systems\Debug\Exe\Pr #
#                            oject 9.d43"                                      #
#                            Format: ubrof10                                   #
#                            UBROF version 10.0.6                              #
#                            Using library modules for C-SPY (-rt)             #
#           Command line  =  -f                                                #
#                            C:\Users\TOBIAS~1\AppData\Local\Temp\EWE01C.tmp   #
#                            ("C:\Users\Tobias Desotelle\OneDrive - UNC Ashevi #
#                            lle\Documents\GitHub\Embedded_Systems\Debug\Obj\a #
#                            nalogtodigital.r43"                               #
#                            "C:\Users\Tobias Desotelle\OneDrive - UNC Ashevil #
#                            le\Documents\GitHub\Embedded_Systems\Debug\Obj\ca #
#                            ses.r43"                                          #
#                            "C:\Users\Tobias Desotelle\OneDrive - UNC Ashevil #
#                            le\Documents\GitHub\Embedded_Systems\Debug\Obj\cl #
#                            ocks.r43"                                         #
#                            "C:\Users\Tobias Desotelle\OneDrive - UNC Ashevil #
#                            le\Documents\GitHub\Embedded_Systems\Debug\Obj\di #
#                            splay.r43"                                        #
#                            "C:\Users\Tobias Desotelle\OneDrive - UNC Ashevil #
#                            le\Documents\GitHub\Embedded_Systems\Debug\Obj\in #
#                            it.r43"                                           #
#                            "C:\Users\Tobias Desotelle\OneDrive - UNC Ashevil #
#                            le\Documents\GitHub\Embedded_Systems\Debug\Obj\io #
#                            t.r43"                                            #
#                            "C:\Users\Tobias Desotelle\OneDrive - UNC Ashevil #
#                            le\Documents\GitHub\Embedded_Systems\Debug\Obj\LC #
#                            D.r43"                                            #
#                            "C:\Users\Tobias Desotelle\OneDrive - UNC Ashevil #
#                            le\Documents\GitHub\Embedded_Systems\Debug\Obj\li #
#                            ne_detection.r43"                                 #
#                            "C:\Users\Tobias Desotelle\OneDrive - UNC Ashevil #
#                            le\Documents\GitHub\Embedded_Systems\Debug\Obj\ma #
#                            in.r43"                                           #
#                            "C:\Users\Tobias Desotelle\OneDrive - UNC Ashevil #
#                            le\Documents\GitHub\Embedded_Systems\Debug\Obj\me #
#                            nu.r43"                                           #
#                            "C:\Users\Tobias Desotelle\OneDrive - UNC Ashevil #
#                            le\Documents\GitHub\Embedded_Systems\Debug\Obj\pi #
#                            d.r43"                                            #
#                            "C:\Users\Tobias Desotelle\OneDrive - UNC Ashevil #
#                            le\Documents\GitHub\Embedded_Systems\Debug\Obj\po #
#                            rts.r43"                                          #
#                            "C:\Users\Tobias Desotelle\OneDrive - UNC Ashevil #
#                            le\Documents\GitHub\Embedded_Systems\Debug\Obj\se #
#                            rial.r43"                                         #
#                            "C:\Users\Tobias Desotelle\OneDrive - UNC Ashevil #
#                            le\Documents\GitHub\Embedded_Systems\Debug\Obj\sw #
#                            itches.r43"                                       #
#                            "C:\Users\Tobias Desotelle\OneDrive - UNC Ashevil #
#                            le\Documents\GitHub\Embedded_Systems\Debug\Obj\ti #
#                            mers.r43"                                         #
#                            "C:\Users\Tobias Desotelle\OneDrive - UNC Ashevil #
#                            le\Documents\GitHub\Embedded_Systems\Debug\Obj\ti #
#                            mers_isr.r43"                                     #
#                            "C:\Users\Tobias Desotelle\OneDrive - UNC Ashevil #
#                            le\Documents\GitHub\Embedded_Systems\Debug\Obj\wh #
#                            eel_control.r43"                                  #
#                            -o                                                #
#                            "C:\Users\Tobias Desotelle\OneDrive - UNC Ashevil #
#                            le\Documents\GitHub\Embedded_Systems\Debug\Exe\Pr #
#                            oject 9.d43"                                      #
#                            -l                                                #
#                            "C:\Users\Tobias Desotelle\OneDrive - UNC Ashevil #
#                            le\Documents\GitHub\Embedded_Systems\Debug\List\P #
#                            roject 9.map"                                     #
#                            -xesni                                            #
#                            "-IC:\Program Files (x86)\IAR Systems\Embedded Wo #
#                            rkbench 8.5\430\LIB\\"                            #
#                            -f                                                #
#                            "C:\Program Files (x86)\IAR Systems\Embedded Work #
#                            bench 8.5\430\config\linker\lnk430fr2355.xcl"     #
#                            (-cmsp430 -QCODE_I=CODE_ID -QTLS16_I=TLS16_ID     #
#                            -D__iar_HWMUL=4C0 -Z(CONST)INFO=1800-19FF         #
#                            -Z(DATA)TINYRAM=0006-001F                         #
#                            -Z(DATA)DATA16_I,DATA16_Z,DATA16_N,TLS16_I=2000-2 #
#                            FFF                                               #
#                            -Z(DATA)CODE_I                                    #
#                            -Z(DATA)DATA20_I,DATA20_Z,DATA20_N                #
#                            -Z(DATA)CSTACK+_STACK_SIZE#                       #
#                            -Z(CONST)FRWP_B1,DATA16_P,DATA20_P=8000-FF7F      #
#                            -Z(DATA)DATA16_HEAP+_DATA16_HEAP_SIZE,DATA20_HEAP #
#                            +_DATA20_HEAP_SIZE,FRWP_B2                        #
#                            -Z(CONST)DATA16_C,DATA16_ID,TLS16_ID,DIFUNCT,CHEC #
#                            KSUM=8000-FF7F                                    #
#                            -Z(CONST)DATA20_C,DATA20_ID                       #
#                            -Z(CODE)CSTART,ISR_CODE,CODE_ID=8000-FF7F         #
#                            -P(CODE)CODE,CODE16=8000-FF7F                     #
#                            -Z(CONST)BSLCONFIGURATIONSIGNATURE=FF88-FF89      #
#                            -Z(CONST)BSLCONFIGURATION=FF8A-FF8B               #
#                            -Z(CONST)BSLI2CADDRESS=FFA0-FFA1                  #
#                            -Z(CONST)JTAGSIGNATURE=FF80-FF83                  #
#                            -Z(CONST)BSLSIGNATURE=FF84-FF87                   #
#                            -Z(CODE)INTVEC=FFA2-FFFF                          #
#                            -Z(CODE)RESET=FFFE-FFFF) -f                       #
#                            "C:\Program Files (x86)\IAR Systems\Embedded Work #
#                            bench 8.5\430\config\linker\multiplier32.xcl"     #
#                            (-e?Mul8Hw=?Mul8 -e?Mul16Hw=?Mul16                #
#                            -e?Mul16to32uHw=?Mul16to32u                       #
#                            -e?Mul16to32sHw=?Mul16to32s -e?Mul32Hw32=?Mul32   #
#                            -e?Mul64Hw32=_Mul64i                              #
#                            -e?Mul32u32uto64iHw32=_Mul32u32uto64i             #
#                            -e?Mul32fHw32=_Mul32f                             #
#                            -e_Mul64fHw32Ptr=_Mul64fPtr) -D_STACK_SIZE=A0     #
#                            -rt                                               #
#                            "C:\Program Files (x86)\IAR Systems\Embedded Work #
#                            bench 8.5\430\lib\dlib\dl430xlsfn.r43"            #
#                            -e_PrintfLarge=_Printf -e_ScanfLarge=_Scanf       #
#                            -D_DATA16_HEAP_SIZE=A0 -s __program_start         #
#                            -D_DATA20_HEAP_SIZE=50)                           #
#                                                                              #
#                           Copyright (C) 1987-2019 IAR Systems AB.            #
################################################################################





                ****************************************
                *                                      *
                *           CROSS REFERENCE            *
                *                                      *
                ****************************************

       Program entry at :           81A2  Relocatable, from module : ?cstart




                ****************************************
                *                                      *
                *            RUNTIME MODEL             *
                *                                      *
                ****************************************

  __Heap_Handler             = Basic
  __SystemLibrary            = DLib
  __code_model               = large
  __core                     = 430X
  __data_model               = small
  __dlib_file_descriptor     = 0
  __dlib_full_locale_support = 0
  __double_size              = 32
  __pic                      = no
  __reg_r4                   = free
  __reg_r5                   = free
  __rt_version               = 3

                ****************************************
                *                                      *
                *    AUTOMATIC SYMBOL REDIRECTIONS     *
                *                                      *
                ****************************************

                  There are no automatic symbol redirections.

                ****************************************
                *                                      *
                *              ENTRY LIST              *
                *                                      *
                ****************************************

Module  Entry                              Address
------  -----                              -------
?FILLER_BYTES
?ABS_ENTRY_MOD
        _DATA20_HEAP_SIZE                   0050
        _DATA16_HEAP_SIZE                   00A0
        _STACK_SIZE                         00A0
        __iar_HWMUL                         04C0
analogtodigital ( C:\Users\Tobias Desotelle\OneDrive - UNC Asheville\Documents\GitHub\Embedded_Systems\Debug\Obj\analogtodigital.r43 )
        _A_ADCCTL0_L                        0700
        _A_ADCCTL1_L                        0702
        _A_ADCCTL2_L                        0704
        _A_ADCMCTL0_L                       070A
        _A_ADCMEM0_L                        0712
        _A_ADCIE_L                          071A
        _A_ADCIV_L                          071E
        _A_PAOUT_L                          0202
        ADC_Left_Detect                     2014
        ADC_Right_Detect                    2016
        V_Thumb                             2018
        adc_char                            20EC
        ADC_Channel                         201A
        Init_ADC                            9480
        ADC_ISR                             81CA
        HEXtoBCD                            9552
        ADC_ISR::??INTVEC 58                FFDC
        ?setjmp_save_r4                     NOT NEEDED
        ?setjmp_save_r5                     NOT NEEDED
        ADCCTL0                             0700
        ADCCTL0_H                           0701
        ADCCTL0_L                           0700
        ADCCTL1                             0702
        ADCCTL1_H                           0703
        ADCCTL1_L                           0702
        ADCCTL2                             0704
        ADCCTL2_H                           0705
        ADCCTL2_L                           0704
        ADCMCTL0                            070A
        ADCMCTL0_H                          070B
        ADCMCTL0_L                          070A
        ADCMEM0                             0712
        ADCMEM0_H                           0713
        ADCMEM0_L                           0712
        ADCIE                               071A
        ADCIE_H                             071B
        ADCIE_L                             071A
        ADCIV                               071E
        ADCIV_H                             071F
        ADCIV_L                             071E
        PAOUT                               0202
        PAOUT_H                             0203
        PAOUT_L                             0202
cases ( C:\Users\Tobias Desotelle\OneDrive - UNC Asheville\Documents\GitHub\Embedded_Systems\Debug\Obj\cases.r43 )
        _A_TB1CCTL1_L                       03C4
        delay_start                         NOT NEEDED
        times_repeated                      NOT NEEDED
        time100                             201C
        idle_case                           NOT NEEDED
        do_for                              98FA
        search                              NOT NEEDED
        wait_case                           NOT NEEDED
        next_state                          NOT NEEDED
        start_case                          NOT NEEDED
        repeat_case                         NOT NEEDED
        end_case                            NOT NEEDED
        ?setjmp_save_r4                     NOT NEEDED
        ?setjmp_save_r5                     NOT NEEDED
        TB1CCTL1                            03C4
        TB1CCTL1_H                          03C5
        TB1CCTL1_L                          03C4
clocks ( C:\Users\Tobias Desotelle\OneDrive - UNC Asheville\Documents\GitHub\Embedded_Systems\Debug\Obj\clocks.r43 )
        _A_CSCTL0_L                         0180
        _A_CSCTL1_L                         0182
        _A_CSCTL2_L                         0184
        _A_CSCTL3_L                         0186
        _A_CSCTL4_L                         0188
        _A_CSCTL5_L                         018A
        _A_CSCTL7_L                         018E
        _A_PM5CTL0_L                        0130
        _A_SFRIFG1_L                        0102
        _A_WDTCTL_L                         01CC
        Init_Clocks                         94EC
        Software_Trim                       8EE4
        ?setjmp_save_r4                     NOT NEEDED
        ?setjmp_save_r5                     NOT NEEDED
        CSCTL0                              0180
        CSCTL0_H                            0181
        CSCTL0_L                            0180
        CSCTL1                              0182
        CSCTL1_H                            0183
        CSCTL1_L                            0182
        CSCTL2                              0184
        CSCTL2_H                            0185
        CSCTL2_L                            0184
        CSCTL3                              0186
        CSCTL3_H                            0187
        CSCTL3_L                            0186
        CSCTL4                              0188
        CSCTL4_H                            0189
        CSCTL4_L                            0188
        CSCTL5                              018A
        CSCTL5_H                            018B
        CSCTL5_L                            018A
        CSCTL7                              018E
        CSCTL7_H                            018F
        CSCTL7_L                            018E
        PM5CTL0                             0130
        PM5CTL0_H                           0131
        PM5CTL0_L                           0130
        SFRIFG1                             0102
        SFRIFG1_H                           0103
        SFRIFG1_L                           0102
        WDTCTL                              01CC
        WDTCTL_H                            01CD
        WDTCTL_L                            01CC
display ( C:\Users\Tobias Desotelle\OneDrive - UNC Asheville\Documents\GitHub\Embedded_Systems\Debug\Obj\display.r43 )
        _A_TB3CCR5_L                        045C
        ani_state                           NOT NEEDED
        connect_state                       20F1
        time_disp                           NOT NEEDED
        display_pad_case                    20F2
        Connecting_machine                  9BF8
        Init_Display                        9974
        Connecting_Display                  9C96
        Display_Process                     9D46
        display_IP                          95B8
        waiting_animation                   NOT NEEDED
        diplay_pad_increment                9FB4
        pad                                 2010
        pad_num                             201E
        diplay_pad                          961C
        clear_line                          9E0C
        clear_display                       9DF2
        change_display_line                 9E54
        change_display_adc                  NOT NEEDED
        main_menu_display                   NOT NEEDED
        wifi_move_diplay                    NOT NEEDED
        adc_display                         NOT NEEDED
        line_calibration_display            9296
        project_7_display                   NOT NEEDED
        make_time                           9838
        ?setjmp_save_r4                     NOT NEEDED
        ?setjmp_save_r5                     NOT NEEDED
        TB3CCR5                             045C
        TB3CCR5_H                           045D
        TB3CCR5_L                           045C
init ( C:\Users\Tobias Desotelle\OneDrive - UNC Asheville\Documents\GitHub\Embedded_Systems\Debug\Obj\init.r43 )
        _A_PAOUT_L                          NOT NEEDED
        _A_PCOUT_L                          0242
        Master_Init                         9B28
        Init_Conditions                     96CA
        enable_interrupts                   9F9C
        Init_LEDs                           9F7A
        ?setjmp_save_r4                     NOT NEEDED
        ?setjmp_save_r5                     NOT NEEDED
        PAOUT                               0202
        PAOUT_H                             0203
        PAOUT_L                             0202
        PCOUT                               0242
        PCOUT_H                             0243
        PCOUT_L                             0242
iot ( C:\Users\Tobias Desotelle\OneDrive - UNC Asheville\Documents\GitHub\Embedded_Systems\Debug\Obj\iot.r43 )
        _A_PBOUT_L                          0222
        _A_TB1CCTL2_L                       03C6
        cur_command                         2020
        commmand_time                       NOT NEEDED
        IOT_bits                            2022
        command_state                       NOT NEEDED
        trim                                2024
        last_command                        NOT NEEDED
        command_queue                       20F3
        time_queue                          2026
        add_to_queue                        2000
        read_command_queue                  2002
        add_to_time                         2004
        read_time                           2006
        timerb1_2_cnt                       NOT NEEDED
        IOT_state                           2125
        IOT_state_mem                       NOT NEEDED
        Exit                                2126
        char_num                            2127
        foward_speed                        2008
        right_trim                          200A
        left_trim                           208A
        Speed_state                         212C
        IOT_main                            9A94
        Command_state                       8826
        iot_wifi_connect                    8BB6
        process_command                     8A42
        str_to_int                          97AA
        clear_command                       9DD8
        movement_time                       NOT NEEDED
        ?setjmp_save_r4                     NOT NEEDED
        ?setjmp_save_r5                     NOT NEEDED
        PBOUT                               0222
        PBOUT_H                             0223
        PBOUT_L                             0222
        TB1CCTL2                            03C6
        TB1CCTL2_H                          03C7
        TB1CCTL2_L                          03C6
LCD ( C:\Users\Tobias Desotelle\OneDrive - UNC Asheville\Documents\GitHub\Embedded_Systems\Debug\Obj\LCD.r43 )
        _A_PAOUT_L                          NOT NEEDED
        _A_PBOUT_L                          NOT NEEDED
        _A_TB0CCTL2_L                       0386
        _A_TB0CCR2_L                        0396
        _A_UCB1CTLW0_L                      05C0
        _A_UCB1BRW_L                        05C6
        _A_UCB1RXBUF_L                      05CC
        _A_UCB1TXBUF_L                      05CE
        _A_UCB1IFG_L                        05EC
        current_character                   212D
        update_display_count                NOT NEEDED
        display_update_time                 NOT NEEDED
        update_display                      212E
        display_changed                     212F
        lcd_control                         NOT NEEDED
        display_line                        2130
        display                             208C
        posi_L1                             NOT NEEDED
        posi_L2                             NOT NEEDED
        posi_L3                             NOT NEEDED
        posi_L4                             NOT NEEDED
        lcd_orient                          NOT NEEDED
        char_count                          NOT NEEDED
        current_line                        NOT NEEDED
        LCD_test                            NOT NEEDED
        spi_chipselect_idle                 9F38
        spi_chipselect_active               9F86
        spi_reset_idle                      9FAE
        spi_reset_active                    9FBA
        Display_Update                      97F2
        enable_display_update               NOT NEEDED
        update_string                       NOT NEEDED
        Init_LCD                            90D2
        lcd_4line                           NOT NEEDED
        lcd_BIG_mid                         NOT NEEDED
        lcd_BIG_bot                         NOT NEEDED
        lcd_180                             NOT NEEDED
        lcd_out                             9CDE
        lcd_puts                            NOT NEEDED
        WriteIns                            9BD0
        WriteData                           9BA8
        CheckBusy                           NOT NEEDED
        ClrDisplay                          9E6C
        ClrDisplay_Buffer_0                 9F12
        ClrDisplay_Buffer_1                 9EAE
        ClrDisplay_Buffer_2                 9ED6
        ClrDisplay_Buffer_3                 9EFE
        SetPostion                          NOT NEEDED
        DisplayOnOff                        9EEA
        Init_SPI_B1                         98BC
        SPI_B1_write                        9DA2
        ?setjmp_save_r4                     NOT NEEDED
        ?setjmp_save_r5                     NOT NEEDED
        PAOUT                               0202
        PAOUT_H                             0203
        PAOUT_L                             0202
        PBOUT                               0222
        PBOUT_H                             0223
        PBOUT_L                             0222
        TB0CCTL2                            0386
        TB0CCTL2_H                          0387
        TB0CCTL2_L                          0386
        TB0CCR2                             0396
        TB0CCR2_H                           0397
        TB0CCR2_L                           0396
        UCB1CTLW0                           05C0
        UCB1CTLW0_H                         05C1
        UCB1CTLW0_L                         05C0
        UCB1BRW                             05C6
        UCB1BRW_H                           05C7
        UCB1BRW_L                           05C6
        UCB1RXBUF                           05CC
        UCB1RXBUF_H                         05CD
        UCB1RXBUF_L                         05CC
        UCB1TXBUF                           05CE
        UCB1TXBUF_H                         05CF
        UCB1TXBUF_L                         05CE
        UCB1IFG                             05EC
        UCB1IFG_H                           05ED
        UCB1IFG_L                           05EC
line_detection ( C:\Users\Tobias Desotelle\OneDrive - UNC Asheville\Documents\GitHub\Embedded_Systems\Debug\Obj\line_detection.r43 )
        line_detection                      NOT NEEDED
        R_white                             2094
        L_white                             2096
        R_black                             2098
        L_black                             209A
        measure_state                       209C
        calibration_state                   215C
        calibrated                          215D
        find_line                           9D02
        measurment                          8E2E
        line_calibration                    9398
        set_line_bit                        NOT NEEDED
        left_detector_process               NOT NEEDED
        right_detector_process              NOT NEEDED
        process_detectors                   NOT NEEDED
        strong_detect                       NOT NEEDED
        ?setjmp_save_r4                     NOT NEEDED
        ?setjmp_save_r5                     NOT NEEDED
main ( C:\Users\Tobias Desotelle\OneDrive - UNC Asheville\Documents\GitHub\Embedded_Systems\Debug\Obj\main.r43 )
        _A_PM5CTL0_L                        NOT NEEDED
        _A_TB3CCR5_L                        NOT NEEDED
        motor_control_bits                  209E
        switch_control                      215E
        timer_bits                          20A0
        serial_bits                         20A2
        display_bits                        20A4
        wheel_test                          NOT NEEDED
        main                                9A26
        ?setjmp_save_r4                     NOT NEEDED
        ?setjmp_save_r5                     NOT NEEDED
        PM5CTL0                             0130
        PM5CTL0_H                           0131
        PM5CTL0_L                           0130
        TB3CCR5                             045C
        TB3CCR5_H                           045D
        TB3CCR5_L                           045C
menu ( C:\Users\Tobias Desotelle\OneDrive - UNC Asheville\Documents\GitHub\Embedded_Systems\Debug\Obj\menu.r43 )
        prev_thumb                          NOT NEEDED
        menu_state                          215F
        menu_state_machine                  NOT NEEDED
        start_menu                          NOT NEEDED
        main_menu                           NOT NEEDED
        adc_menu                            NOT NEEDED
        v_thumb_process                     NOT NEEDED
        ?setjmp_save_r4                     NOT NEEDED
        ?setjmp_save_r5                     NOT NEEDED
pid ( C:\Users\Tobias Desotelle\OneDrive - UNC Asheville\Documents\GitHub\Embedded_Systems\Debug\Obj\pid.r43 )
        PIDController_Init                  9B7E
        PIDController_Update                8F94
        ?setjmp_save_r4                     NOT NEEDED
        ?setjmp_save_r5                     NOT NEEDED
ports ( C:\Users\Tobias Desotelle\OneDrive - UNC Asheville\Documents\GitHub\Embedded_Systems\Debug\Obj\ports.r43 )
        _A_PAOUT_L                          NOT NEEDED
        _A_PADIR_L                          0204
        _A_PAREN_L                          0206
        _A_PASEL0_L                         020A
        _A_PASEL1_L                         020C
        _A_PAIES_L                          0218
        _A_PAIE_L                           021A
        _A_PAIFG_L                          021C
        _A_PBOUT_L                          NOT NEEDED
        _A_PBDIR_L                          0224
        _A_PBREN_L                          0226
        _A_PBSEL0_L                         022A
        _A_PBSEL1_L                         022C
        _A_PBIES_L                          0238
        _A_PBIE_L                           023A
        _A_PBIFG_L                          023C
        _A_PCOUT_L                          NOT NEEDED
        _A_PCDIR_L                          0244
        _A_PCSEL0_L                         024A
        _A_PCSEL1_L                         024C
        Init_Ports                          9DBE
        Init_Port1                          9E82
        Init_Port2                          9C48
        Init_Port3                          9AF8
        Init_Port4                          9C20
        Init_Port5                          9B54
        Init_Port6                          9E98
        ?setjmp_save_r4                     NOT NEEDED
        ?setjmp_save_r5                     NOT NEEDED
        PAOUT                               0202
        PAOUT_H                             0203
        PAOUT_L                             0202
        PADIR                               0204
        PADIR_H                             0205
        PADIR_L                             0204
        PAREN                               0206
        PAREN_H                             0207
        PAREN_L                             0206
        PASEL0                              020A
        PASEL0_H                            020B
        PASEL0_L                            020A
        PASEL1                              020C
        PASEL1_H                            020D
        PASEL1_L                            020C
        PAIES                               0218
        PAIES_H                             0219
        PAIES_L                             0218
        PAIE                                021A
        PAIE_H                              021B
        PAIE_L                              021A
        PAIFG                               021C
        PAIFG_H                             021D
        PAIFG_L                             021C
        PBOUT                               0222
        PBOUT_H                             0223
        PBOUT_L                             0222
        PBDIR                               0224
        PBDIR_H                             0225
        PBDIR_L                             0224
        PBREN                               0226
        PBREN_H                             0227
        PBREN_L                             0226
        PBSEL0                              022A
        PBSEL0_H                            022B
        PBSEL0_L                            022A
        PBSEL1                              022C
        PBSEL1_H                            022D
        PBSEL1_L                            022C
        PBIES                               0238
        PBIES_H                             0239
        PBIES_L                             0238
        PBIE                                023A
        PBIE_H                              023B
        PBIE_L                              023A
        PBIFG                               023C
        PBIFG_H                             023D
        PBIFG_L                             023C
        PCOUT                               0242
        PCOUT_H                             0243
        PCOUT_L                             0242
        PCDIR                               0244
        PCDIR_H                             0245
        PCDIR_L                             0244
        PCSEL0                              024A
        PCSEL0_H                            024B
        PCSEL0_L                            024A
        PCSEL1                              024C
        PCSEL1_H                            024D
        PCSEL1_L                            024C
serial ( C:\Users\Tobias Desotelle\OneDrive - UNC Asheville\Documents\GitHub\Embedded_Systems\Debug\Obj\serial.r43 )
        _A_UCA0CTLW0_L                      0500
        _A_UCA0BRW_L                        0506
        _A_UCA0MCTLW_L                      0508
        _A_UCA0RXBUF_L                      050C
        _A_UCA0TXBUF_L                      050E
        _A_UCA0IE_L                         051A
        _A_UCA0IV_L                         051E
        _A_UCA1CTLW0_L                      0580
        _A_UCA1BRW_L                        0586
        _A_UCA1MCTLW_L                      0588
        _A_UCA1RXBUF_L                      058C
        _A_UCA1TXBUF_L                      058E
        _A_UCA1IE_L                         059A
        _A_UCA1IV_L                         059E
        strstr                              9FC4
        process_buf                         2160
        process_buf_0                       2360
        Ring_buf_0                          2560
        Rx_write_0                          200C
        Rx_read_0                           20A6
        line                                20A8
        cur_0                               20AA
        RING_BUF                            2580
        RX_write                            200E
        RX_read                             20AC
        Process_in_cur                      20AE
        Commad_start                        NOT NEEDED
        Command_end                         NOT NEEDED
        Tx_String                           20B0
        process_line                        20B2
        i                                   20B4
        IP_Addy                             25A0
        SSID                                25B5
        char_buf                            20B6
        Num_bufs_to_process                 20B8
        Commands                            25C0
        write_command_line                  20BA
        send                                9760
        get_command                         9206
        get_connected                       99B0
        process_buffer_0                    99EC
        clear_buffer                        9D86
        get_SSID                            NOT NEEDED
        get_IP                              NOT NEEDED
        get_from_serial                     9412
        Init_Serial_UCA0                    916E
        Init_Serial_UCA1                    9036
        EUSCI_A0_ISR                        8246
        EUSCI_A1_ISR                        82FA
        EUSCI_A1_ISR::??INTVEC 64           FFE2
        EUSCI_A0_ISR::??INTVEC 66           FFE4
        ?setjmp_save_r4                     NOT NEEDED
        ?setjmp_save_r5                     NOT NEEDED
        UCA0CTLW0                           0500
        UCA0CTLW0_H                         0501
        UCA0CTLW0_L                         0500
        UCA0BRW                             0506
        UCA0BRW_H                           0507
        UCA0BRW_L                           0506
        UCA0MCTLW                           0508
        UCA0MCTLW_H                         0509
        UCA0MCTLW_L                         0508
        UCA0RXBUF                           050C
        UCA0RXBUF_H                         050D
        UCA0RXBUF_L                         050C
        UCA0TXBUF                           050E
        UCA0TXBUF_H                         050F
        UCA0TXBUF_L                         050E
        UCA0IE                              051A
        UCA0IE_H                            051B
        UCA0IE_L                            051A
        UCA0IV                              051E
        UCA0IV_H                            051F
        UCA0IV_L                            051E
        UCA1CTLW0                           0580
        UCA1CTLW0_H                         0581
        UCA1CTLW0_L                         0580
        UCA1BRW                             0586
        UCA1BRW_H                           0587
        UCA1BRW_L                           0586
        UCA1MCTLW                           0588
        UCA1MCTLW_H                         0589
        UCA1MCTLW_L                         0588
        UCA1RXBUF                           058C
        UCA1RXBUF_H                         058D
        UCA1RXBUF_L                         058C
        UCA1TXBUF                           058E
        UCA1TXBUF_H                         058F
        UCA1TXBUF_L                         058E
        UCA1IE                              059A
        UCA1IE_H                            059B
        UCA1IE_L                            059A
        UCA1IV                              059E
        UCA1IV_H                            059F
        UCA1IV_L                            059E
switches ( C:\Users\Tobias Desotelle\OneDrive - UNC Asheville\Documents\GitHub\Embedded_Systems\Debug\Obj\switches.r43 )
        _A_PAIFG_L                          NOT NEEDED
        _A_PBIFG_L                          NOT NEEDED
        _A_TB0CCTL1_L                       0384
        sw1_timer                           20BC
        sw2_timer                           20BE
        switchP4_interrupt                  83E0
        switchP2_interrupt                  83FA
        process_switches                    931A
        switchP4_interrupt::??INTVEC 44     FFCE
        switchP2_interrupt::??INTVEC 48     FFD2
        ?setjmp_save_r4                     NOT NEEDED
        ?setjmp_save_r5                     NOT NEEDED
        PAIFG                               021C
        PAIFG_H                             021D
        PAIFG_L                             021C
        PBIFG                               023C
        PBIFG_H                             023D
        PBIFG_L                             023C
        TB0CCTL1                            0384
        TB0CCTL1_H                          0385
        TB0CCTL1_L                          0384
timers ( C:\Users\Tobias Desotelle\OneDrive - UNC Asheville\Documents\GitHub\Embedded_Systems\Debug\Obj\timers.r43 )
        _A_TB0CTL_L                         0380
        _A_TB0CCTL0_L                       0382
        _A_TB0CCTL2_L                       NOT NEEDED
        _A_TB0CCR0_L                        0392
        _A_TB0CCR2_L                        NOT NEEDED
        _A_TB0EX0_L                         03A0
        _A_TB1CTL_L                         03C0
        _A_TB1CCTL0_L                       03C2
        _A_TB1CCR0_L                        03D2
        _A_TB1CCR2_L                        03D6
        _A_TB1EX0_L                         03E0
        _A_TB2CTL_L                         0400
        _A_TB2CCTL1_L                       0404
        _A_TB2CCTL2_L                       0406
        _A_TB2CCR0_L                        0412
        _A_TB2CCR1_L                        0414
        _A_TB2CCR2_L                        0416
        _A_TB2EX0_L                         0420
        _A_TB3CTL_L                         0440
        _A_TB3CCTL0_L                       0442
        _A_TB3CCTL1_L                       0444
        _A_TB3CCTL2_L                       0446
        _A_TB3CCTL3_L                       0448
        _A_TB3CCTL4_L                       044A
        _A_TB3CCTL5_L                       044C
        _A_TB3CCR0_L                        0452
        _A_TB3CCR1_L                        0454
        _A_TB3CCR2_L                        0456
        _A_TB3CCR3_L                        0458
        _A_TB3CCR4_L                        045A
        Init_Timers                         9F5A
        Init_Timer_B0                       987C
        Init_Timer_B1                       9938
        Init_Timer_B2                       9716
        Init_Timer_B3                       967E
        ?setjmp_save_r4                     NOT NEEDED
        ?setjmp_save_r5                     NOT NEEDED
        TB0CTL                              0380
        TB0CTL_H                            0381
        TB0CTL_L                            0380
        TB0CCTL0                            0382
        TB0CCTL0_H                          0383
        TB0CCTL0_L                          0382
        TB0CCTL2                            0386
        TB0CCTL2_H                          0387
        TB0CCTL2_L                          0386
        TB0CCR0                             0392
        TB0CCR0_H                           0393
        TB0CCR0_L                           0392
        TB0CCR2                             0396
        TB0CCR2_H                           0397
        TB0CCR2_L                           0396
        TB0EX0                              03A0
        TB0EX0_H                            03A1
        TB0EX0_L                            03A0
        TB1CTL                              03C0
        TB1CTL_H                            03C1
        TB1CTL_L                            03C0
        TB1CCTL0                            03C2
        TB1CCTL0_H                          03C3
        TB1CCTL0_L                          03C2
        TB1CCR0                             03D2
        TB1CCR0_H                           03D3
        TB1CCR0_L                           03D2
        TB1CCR2                             03D6
        TB1CCR2_H                           03D7
        TB1CCR2_L                           03D6
        TB1EX0                              03E0
        TB1EX0_H                            03E1
        TB1EX0_L                            03E0
        TB2CTL                              0400
        TB2CTL_H                            0401
        TB2CTL_L                            0400
        TB2CCTL1                            0404
        TB2CCTL1_H                          0405
        TB2CCTL1_L                          0404
        TB2CCTL2                            0406
        TB2CCTL2_H                          0407
        TB2CCTL2_L                          0406
        TB2CCR0                             0412
        TB2CCR0_H                           0413
        TB2CCR0_L                           0412
        TB2CCR1                             0414
        TB2CCR1_H                           0415
        TB2CCR1_L                           0414
        TB2CCR2                             0416
        TB2CCR2_H                           0417
        TB2CCR2_L                           0416
        TB2EX0                              0420
        TB2EX0_H                            0421
        TB2EX0_L                            0420
        TB3CTL                              0440
        TB3CTL_H                            0441
        TB3CTL_L                            0440
        TB3CCTL0                            0442
        TB3CCTL0_H                          0443
        TB3CCTL0_L                          0442
        TB3CCTL1                            0444
        TB3CCTL1_H                          0445
        TB3CCTL1_L                          0444
        TB3CCTL2                            0446
        TB3CCTL2_H                          0447
        TB3CCTL2_L                          0446
        TB3CCTL3                            0448
        TB3CCTL3_H                          0449
        TB3CCTL3_L                          0448
        TB3CCTL4                            044A
        TB3CCTL4_H                          044B
        TB3CCTL4_L                          044A
        TB3CCTL5                            044C
        TB3CCTL5_H                          044D
        TB3CCTL5_L                          044C
        TB3CCR0                             0452
        TB3CCR0_H                           0453
        TB3CCR0_L                           0452
        TB3CCR1                             0454
        TB3CCR1_H                           0455
        TB3CCR1_L                           0454
        TB3CCR2                             0456
        TB3CCR2_H                           0457
        TB3CCR2_L                           0456
        TB3CCR3                             0458
        TB3CCR3_H                           0459
        TB3CCR3_L                           0458
        TB3CCR4                             045A
        TB3CCR4_H                           045B
        TB3CCR4_L                           045A
timers_isr ( C:\Users\Tobias Desotelle\OneDrive - UNC Asheville\Documents\GitHub\Embedded_Systems\Debug\Obj\timers_isr.r43 )
        _A_ADCCTL0_L                        NOT NEEDED
        _A_TB0CCTL1_L                       NOT NEEDED
        _A_TB0CCR0_L                        NOT NEEDED
        _A_TB0CCR1_L                        0394
        _A_TB0CCR2_L                        NOT NEEDED
        _A_TB0IV_L                          03AE
        _A_TB1CCTL2_L                       NOT NEEDED
        _A_TB1CCR1_L                        03D4
        _A_TB1CCR2_L                        NOT NEEDED
        _A_TB1IV_L                          03EE
        _A_TB2CCTL0_L                       0402
        _A_TB2CCR0_L                        NOT NEEDED
        _A_TB2CCR1_L                        NOT NEEDED
        _A_TB2IV_L                          042E
        _A_TB3IV_L                          046E
        time_interval50                     20C0
        time_interval_200                   20C2
        timer200                            20C4
        timing                              20C6
        timer                               20C8
        cur                                 NOT NEEDED
        Timer0_B0_ISR                       8414
        TIMER0_B1_ISR                       8438
        Timer1_B0_ISR                       849C
        TIMER1_B1_ISR                       84E0
        Timer2_B0_ISR                       8514
        TIMER2_B1_ISR                       852C
        Timer3_B0_ISR                       8548
        TIMER3_B1_ISR                       854A
        TIMER3_B1_ISR::??INTVEC 72          FFEA
        Timer3_B0_ISR::??INTVEC 74          FFEC
        TIMER2_B1_ISR::??INTVEC 76          FFEE
        Timer2_B0_ISR::??INTVEC 78          FFF0
        TIMER1_B1_ISR::??INTVEC 80          FFF2
        Timer1_B0_ISR::??INTVEC 82          FFF4
        TIMER0_B1_ISR::??INTVEC 84          FFF6
        Timer0_B0_ISR::??INTVEC 86          FFF8
        ?setjmp_save_r4                     NOT NEEDED
        ?setjmp_save_r5                     NOT NEEDED
        ADCCTL0                             0700
        ADCCTL0_H                           0701
        ADCCTL0_L                           0700
        TB0CCTL1                            0384
        TB0CCTL1_H                          0385
        TB0CCTL1_L                          0384
        TB0CCR0                             0392
        TB0CCR0_H                           0393
        TB0CCR0_L                           0392
        TB0CCR1                             0394
        TB0CCR1_H                           0395
        TB0CCR1_L                           0394
        TB0CCR2                             0396
        TB0CCR2_H                           0397
        TB0CCR2_L                           0396
        TB0IV                               03AE
        TB0IV_H                             03AF
        TB0IV_L                             03AE
        TB1CCTL2                            03C6
        TB1CCTL2_H                          03C7
        TB1CCTL2_L                          03C6
        TB1CCR1                             03D4
        TB1CCR1_H                           03D5
        TB1CCR1_L                           03D4
        TB1CCR2                             03D6
        TB1CCR2_H                           03D7
        TB1CCR2_L                           03D6
        TB1IV                               03EE
        TB1IV_H                             03EF
        TB1IV_L                             03EE
        TB2CCTL0                            0402
        TB2CCTL0_H                          0403
        TB2CCTL0_L                          0402
        TB2CCR0                             0412
        TB2CCR0_H                           0413
        TB2CCR0_L                           0412
        TB2CCR1                             0414
        TB2CCR1_H                           0415
        TB2CCR1_L                           0414
        TB2IV                               042E
        TB2IV_H                             042F
        TB2IV_L                             042E
        TB3IV                               046E
        TB3IV_H                             046F
        TB3IV_L                             046E
wheel_control ( C:\Users\Tobias Desotelle\OneDrive - UNC Asheville\Documents\GitHub\Embedded_Systems\Debug\Obj\wheel_control.r43 )
        _A_TB1CCTL0_L                       NOT NEEDED
        _A_TB2CCTL0_L                       NOT NEEDED
        _A_TB3CCR1_L                        NOT NEEDED
        _A_TB3CCR2_L                        NOT NEEDED
        _A_TB3CCR3_L                        NOT NEEDED
        _A_TB3CCR4_L                        NOT NEEDED
        _A_TB3CCR5_L                        NOT NEEDED
        right_speed                         20CA
        left_speed                          20CC
        state                               NOT NEEDED
        check_state                         NOT NEEDED
        pid                                 20CE
        right_wheel_state                   2660
        left_wheel_state                    2661
        after_pause_state                   2662
        pause_time                          20EA
        right_wheel_statemachine            8C9A
        left_wheel_statemachine             8D64
        move                                9AC6
        set_speed                           9F92
        set_right_speed                     9FA8
        set_left_speed                      9FA2
        enable_ramp_to                      NOT NEEDED
        ramp_up_to                          NOT NEEDED
        stop                                9E24
        Wheels_Process                      NOT NEEDED
        black_line_state                    2012
        black_line_display                  2663
        Line_Machine                        8554
        pid_control                         9C70
        pid_test                            NOT NEEDED
        ?setjmp_save_r4                     NOT NEEDED
        ?setjmp_save_r5                     NOT NEEDED
        TB1CCTL0                            03C2
        TB1CCTL0_H                          03C3
        TB1CCTL0_L                          03C2
        TB2CCTL0                            0402
        TB2CCTL0_H                          0403
        TB2CCTL0_L                          0402
        TB3CCR1                             0454
        TB3CCR1_H                           0455
        TB3CCR1_L                           0454
        TB3CCR2                             0456
        TB3CCR2_H                           0457
        TB3CCR2_L                           0456
        TB3CCR3                             0458
        TB3CCR3_H                           0459
        TB3CCR3_L                           0458
        TB3CCR4                             045A
        TB3CCR4_H                           045B
        TB3CCR4_L                           045A
        TB3CCR5                             045C
        TB3CCR5_H                           045D
        TB3CCR5_L                           045C
?abort ( C:\Program Files (x86)\IAR Systems\Embedded Workbench 8.5\430\lib\dlib\dl430xlsfn.r43 )
        abort                               NOT NEEDED
?__dbg_break ( C:\Program Files (x86)\IAR Systems\Embedded Workbench 8.5\430\lib\dlib\dl430xlsfn.r43 )
        __DebugBreak                        9FD0
?__dwrite ( C:\Program Files (x86)\IAR Systems\Embedded Workbench 8.5\430\lib\dlib\dl430xlsfn.r43 )
        __dwrite                            NOT NEEDED
?__exit ( C:\Program Files (x86)\IAR Systems\Embedded Workbench 8.5\430\lib\dlib\dl430xlsfn.r43 )
        __exit                              9EC2
?__write ( C:\Program Files (x86)\IAR Systems\Embedded Workbench 8.5\430\lib\dlib\dl430xlsfn.r43 )
        __write                             NOT NEEDED
?_exit ( C:\Program Files (x86)\IAR Systems\Embedded Workbench 8.5\430\lib\dlib\dl430xlsfn.r43 )
        _exit                               9FC0
        __cstart_call_dtors                 NOT NEEDED
        __cstart_closeall                   NOT NEEDED
        __cstart_clearlocks                 NOT NEEDED
?cppinit ( C:\Program Files (x86)\IAR Systems\Embedded Workbench 8.5\430\lib\dlib\dl430xlsfn.r43 )
        __call_ctors                        NOT NEEDED
        __alloc_record_needed_destruction   NOT NEEDED
        __record_needed_destruction         NOT NEEDED
        __call_dtors                        NOT NEEDED
        __data16_vec_cctor                  NOT NEEDED
?cstart ( C:\Program Files (x86)\IAR Systems\Embedded Workbench 8.5\430\lib\dlib\dl430xlsfn.r43 )
        __program_start                     81A2
        ?cstart_begin                       81A2
        ?cstart_call_mpu_init               NOT NEEDED
        ?cstart_call_frwp_init              NOT NEEDED
        ?cstart_call_low_level_init         NOT NEEDED
        ?cstart_init_copy_ramfunc           NOT NEEDED
        ?cstart_init_zero                   81A6
        ?cstart_init_copy                   81B2
        ?cstart_init_zero20                 NOT NEEDED
        ?cstart_init_copy20                 NOT NEEDED
        __cstart_init_tls                   NOT NEEDED
        ?cstart_call_ctors                  NOT NEEDED
        ?cstart_call_main                   81C2
        ?cstart_end                         81CA
lowinit ( C:\Program Files (x86)\IAR Systems\Embedded Workbench 8.5\430\lib\dlib\dl430xlsfn.r43 )
        __low_level_init                    NOT NEEDED
?reset_vector ( C:\Program Files (x86)\IAR Systems\Embedded Workbench 8.5\430\lib\dlib\dl430xlsfn.r43 )
        ?reset_vector                       FFFE
?exit ( C:\Program Files (x86)\IAR Systems\Embedded Workbench 8.5\430\lib\dlib\dl430xlsfn.r43 )
        exit                                9FC8
?FrwpInit ( C:\Program Files (x86)\IAR Systems\Embedded Workbench 8.5\430\lib\dlib\dl430xlsfn.r43 )
        __iar_430_frwp_init                 NOT NEEDED
?malloc ( C:\Program Files (x86)\IAR Systems\Embedded Workbench 8.5\430\lib\dlib\dl430xlsfn.r43 )
        malloc                              NOT NEEDED
?memcpy ( C:\Program Files (x86)\IAR Systems\Embedded Workbench 8.5\430\lib\dlib\dl430xlsfn.r43 )
        memcpy                              9F26
?memmove ( C:\Program Files (x86)\IAR Systems\Embedded Workbench 8.5\430\lib\dlib\dl430xlsfn.r43 )
        memmove                             NOT NEEDED
?memzero ( C:\Program Files (x86)\IAR Systems\Embedded Workbench 8.5\430\lib\dlib\dl430xlsfn.r43 )
        __data16_memzero                    9F6A
        __data16_memcpy                     9FCC
        __data16_memmove                    NOT NEEDED
?MpuInit ( C:\Program Files (x86)\IAR Systems\Embedded Workbench 8.5\430\lib\dlib\dl430xlsfn.r43 )
        __iar_430_mpu_init                  NOT NEEDED
        ?mpu1_4k_init                       NOT NEEDED
        ?mpu1_8k_init                       NOT NEEDED
        ?mpu1_16k_init                      NOT NEEDED
        ?mpu2_init                          NOT NEEDED
?setjmp ( C:\Program Files (x86)\IAR Systems\Embedded Workbench 8.5\430\lib\dlib\dl430xlsfn.r43 )
        setjmp                              NOT NEEDED
        ?setjmp_r5                          NOT NEEDED
        ?setjmp_r4                          NOT NEEDED
        ?setjmp_end                         NOT NEEDED
?longjmp ( C:\Program Files (x86)\IAR Systems\Embedded Workbench 8.5\430\lib\dlib\dl430xlsfn.r43 )
        longjmp                             NOT NEEDED
        ?longjmp_r5                         NOT NEEDED
        ?longjmp_r4                         NOT NEEDED
        ?longjmp_end                        NOT NEEDED
?IndCallR11 ( C:\Program Files (x86)\IAR Systems\Embedded Workbench 8.5\430\lib\dlib\dl430xlsfn.r43 )
        ?IndCallR11                         NOT NEEDED
?IndCallR15 ( C:\Program Files (x86)\IAR Systems\Embedded Workbench 8.5\430\lib\dlib\dl430xlsfn.r43 )
        ?IndCallR15                         NOT NEEDED
?strcat ( C:\Program Files (x86)\IAR Systems\Embedded Workbench 8.5\430\lib\dlib\dl430xlsfn.r43 )
        strcat                              9E3C
?strcmp ( C:\Program Files (x86)\IAR Systems\Embedded Workbench 8.5\430\lib\dlib\dl430xlsfn.r43 )
        strcmp                              9D68
?strcpy ( C:\Program Files (x86)\IAR Systems\Embedded Workbench 8.5\430\lib\dlib\dl430xlsfn.r43 )
        strcpy                              9F4A
?strncmp ( C:\Program Files (x86)\IAR Systems\Embedded Workbench 8.5\430\lib\dlib\dl430xlsfn.r43 )
        strncmp                             9CBA
?strncpy ( C:\Program Files (x86)\IAR Systems\Embedded Workbench 8.5\430\lib\dlib\dl430xlsfn.r43 )
        strncpy                             9D24
?strstr ( C:\Program Files (x86)\IAR Systems\Embedded Workbench 8.5\430\lib\dlib\dl430xlsfn.r43 )
        strstr                              NOT NEEDED
        __iar_Strstr                        9A60
?xcloseall ( C:\Program Files (x86)\IAR Systems\Embedded Workbench 8.5\430\lib\dlib\dl430xlsfn.r43 )
        _Close_all                          NOT NEEDED
?xgetmemchunk ( C:\Program Files (x86)\IAR Systems\Embedded Workbench 8.5\430\lib\dlib\dl430xlsfn.r43 )
        __data16_GetMemChunk                NOT NEEDED
?xxmemxfree ( C:\Program Files (x86)\IAR Systems\Embedded Workbench 8.5\430\lib\dlib\dl430xlsfn.r43 )
        __data16_free                       NOT NEEDED
?xxmemxmalloc ( C:\Program Files (x86)\IAR Systems\Embedded Workbench 8.5\430\lib\dlib\dl430xlsfn.r43 )
        __data16_Aldata                     NOT NEEDED
        __data16_malloc                     NOT NEEDED
        __data16_findmem                     LOCAL, NOT NEEDED


                ****************************************
                *                                      *
                *            MODULE SUMMARY            *
                *                                      *
                ****************************************

Module               CODE      DATA      CONST
------               ----      ----      -----
                    (Rel)  (Rel)  (Abs)  (Rel)
?__dbg_break            2
?__exit                20
?_exit                  4
?cstart                40
?exit                   4
?memcpy                18
?memzero               20
?reset_vector           2
?strcat                24
?strcmp                30
?strcpy                16
?strncmp               36
?strncpy               34
?strstr                52
LCD                   596     55     10
  + shared                            4
analogtodigital       334     13     12
  + shared             60             4
  + common
cases                  62      2      2
clocks                278            18
  + shared                            2
display               648      6           110
  + shared                            2
init                  138
  + shared                            2
iot                 1 288    178           122
  + shared                            4
line_detection        338     12            33
main                   58      9
menu                           1
pid                   204
ports                 240            30
  + shared                            4
serial              1 192  1 306     28     16
  + shared              4
  + common             68
switches              178      4
  + shared             50             2
  + common
timers                290            38
  + shared                           18
timers_isr            320     10     12     55
  + shared             88             2
  + common
wheel_control       1 260     39            81
N/A (command line)           160
N/A (alignment)
----------          -----  -----    ---    ---
Total:              7 730  1 795    194    417
  + common             88


                ****************************************
                *                                      *
                *      SEGMENTS IN ADDRESS ORDER       *
                *                                      *
                ****************************************


SEGMENT              SPACE    START ADDRESS   END ADDRESS     SIZE  TYPE  ALIGN
=======              =====    =============   ===========     ====  ====  =====
DATA16_AN                              0102 - 0103               2   rel    0
                                       0130 - 0131               2 
                                       0180 - 018B               C 
                                       018E - 018F               2 
                                       01CC - 01CD               2 
                                       0202 - 0207               6 
                                       020A - 020D               4 
                                       0218 - 021D               6 
                                       0222 - 0227               6 
                                       022A - 022D               4 
                                       0238 - 023D               6 
                                       0242 - 0245               4 
                                       024A - 024D               4 
                                       0380 - 0387               8 
                                       0392 - 0397               6 
                                       03A0 - 03A1               2 
                                       03AE - 03AF               2 
                                       03C0 - 03C7               8 
                                       03D2 - 03D7               6 
                                       03E0 - 03E1               2 
                                       03EE - 03EF               2 
                                       0400 - 0407               8 
                                       0412 - 0417               6 
                                       0420 - 0421               2 
                                       042E - 042F               2 
                                       0440 - 044D               E 
                                       0452 - 045D               C 
                                       046E - 046F               2 
                                       0500 - 0501               2 
                                       0506 - 0509               4 
                                       050C - 050F               4 
                                       051A - 051B               2 
                                       051E - 051F               2 
                                       0580 - 0581               2 
                                       0586 - 0589               4 
                                       058C - 058F               4 
                                       059A - 059B               2 
                                       059E - 059F               2 
                                       05C0 - 05C1               2 
                                       05C6 - 05C7               2 
                                       05CC - 05CF               4 
                                       05EC - 05ED               2 
                                       0700 - 0705               6 
                                       070A - 070B               2 
                                       0712 - 0713               2 
                                       071A - 071B               2 
                                       071E - 071F               2 
DATA16_I                               2000 - 2012              13   rel    1
DATA16_Z                               2014 - 2663             650   rel    1
CODE_I                                    2664                       rel    1
DATA20_I                                  2664                       rel    1
DATA20_Z                                  2664                       rel    1
DATA20_N                                  2664                       rel    1
CSTACK                                 2F60 - 2FFF              A0   rel    1
DATA16_C                               8000 - 818D             18E   rel    0
DATA16_ID                              818E - 81A0              13   rel    1
DATA20_ID                                 81A2                       rel    1
DATA20_C                                  81A2                       rel    1
CSTART                                 81A2 - 81C9              28   rel    1
ISR_CODE                               81CA - 8553             38A   rel    1
CODE_ID                                   8554                       rel    1
<CODE> 1                               8554 - 9FD1            1A7E   rel    1
INTVEC                                 FFA2 - FFF9              58   com    1
RESET                                  FFFE - FFFF               2   rel    1

                ****************************************
                *                                      *
                *        END OF CROSS REFERENCE        *
                *                                      *
                ****************************************

 7 818 bytes of CODE  memory
 1 795 bytes of DATA  memory (+ 194 absolute )
   417 bytes of CONST memory

Errors: none
Warnings: 1

